Backup completed on Tuesday 09 June 2026 11:00:42 AM IST
Backup completed on Tuesday 09 June 2026 06:01:38 PM IST
Backup completed on Wednesday 10 June 2026 11:01:18 AM IST
Backup completed on Wednesday 10 June 2026 06:00:44 PM IST
Backup completed on Thursday 11 June 2026 11:00:33 AM IST
Backup completed on Thursday 11 June 2026 06:01:03 PM IST
Backup completed on Friday 12 June 2026 11:00:47 AM IST
Backup completed on Friday 12 June 2026 06:01:58 PM IST
Backup completed on Saturday 13 June 2026 06:01:42 PM IST
Backup completed on Sunday 14 June 2026 11:00:43 AM IST
Backup completed on Sunday 14 June 2026 06:00:49 PM IST
Backup completed on Monday 15 June 2026 11:01:05 AM IST
Backup completed on Monday 15 June 2026 06:01:04 PM IST
Backup completed on Tuesday 16 June 2026 11:00:38 AM IST
Backup completed on Tuesday 16 June 2026 06:01:09 PM IST
Backup completed on Wednesday 17 June 2026 11:01:08 AM IST
Backup completed on Wednesday 17 June 2026 06:01:23 PM IST
Backup completed on Thursday 18 June 2026 11:00:34 AM IST
Backup completed on Thursday 18 June 2026 06:00:41 PM IST
Backup completed on Friday 19 June 2026 11:01:18 AM IST
Backup completed on Friday 19 June 2026 06:01:25 PM IST
Backup completed on Saturday 20 June 2026 11:00:35 AM IST
Backup completed on Saturday 20 June 2026 06:00:47 PM IST
Backup completed on Sunday 21 June 2026 11:01:01 AM IST
Backup completed on Sunday 21 June 2026 06:01:04 PM IST
Backup completed on Monday 22 June 2026 11:01:22 AM IST
Backup completed on Tuesday 23 June 2026 11:00:49 AM IST
Backup completed on Tuesday 23 June 2026 06:01:25 PM IST
Backup completed on Wednesday 24 June 2026 11:00:58 AM IST
Backup completed on Wednesday 24 June 2026 06:01:20 PM IST
Backup completed on Thursday 25 June 2026 11:00:47 AM IST
Backup completed on Thursday 25 June 2026 06:01:09 PM IST
Backup completed on Friday 26 June 2026 11:00:36 AM IST
Backup completed on Saturday 27 June 2026 11:01:48 AM IST
Backup completed on Saturday 27 June 2026 06:01:36 PM IST
Backup completed on Sunday 28 June 2026 11:00:36 AM IST
Backup completed on Monday 29 June 2026 11:00:40 AM IST
Backup completed on Monday 29 June 2026 06:00:42 PM IST
Backup completed on Tuesday 30 June 2026 11:01:27 AM IST
Backup completed on Tuesday 30 June 2026 06:01:13 PM IST
Backup completed on Wednesday 01 July 2026 11:01:37 AM IST
Backup completed on Wednesday 01 July 2026 06:01:52 PM IST
Backup completed on Saturday 04 July 2026 06:01:12 PM IST
Backup completed on Sunday 05 July 2026 11:00:27 AM IST
Backup completed on Sunday 05 July 2026 06:00:54 PM IST
Backup completed on Monday 06 July 2026 11:00:22 AM IST
Backup completed on Monday 06 July 2026 06:00:32 PM IST
Backup completed on Tuesday 07 July 2026 11:00:19 AM IST
Backup completed on Tuesday 07 July 2026 06:00:22 PM IST
Backup completed on Wednesday 08 July 2026 11:42:55 AM IST
Backup completed on Wednesday 08 July 2026 06:00:22 PM IST
Backup completed on Thursday 09 July 2026 06:00:30 PM IST
Backup completed on Friday 10 July 2026 11:00:29 AM IST
Backup completed on Friday 10 July 2026 06:01:02 PM IST
Backup completed on Saturday 11 July 2026 11:00:54 AM IST
Backup completed on Saturday 11 July 2026 06:01:02 PM IST
Backup completed on Monday 13 July 2026 11:01:02 AM IST
Backup completed on Monday 13 July 2026 06:00:21 PM IST
Backup completed on Tuesday 14 July 2026 11:00:23 AM IST
Backup completed on Tuesday 14 July 2026 06:00:23 PM IST
Backup completed on Wednesday 15 July 2026 11:00:24 AM IST
Backup completed on Wednesday 15 July 2026 06:01:44 PM IST
Backup completed on Thursday 16 July 2026 11:02:32 AM IST
Backup completed on Thursday 16 July 2026 06:01:00 PM IST
Backup completed on Friday 17 July 2026 11:00:53 AM IST
Backup completed on Friday 17 July 2026 06:00:30 PM IST
Backup completed on Saturday 18 July 2026 11:01:30 AM IST
Backup completed on Saturday 18 July 2026 06:20:19 PM IST
Backup completed on Sunday 19 July 2026 11:00:59 AM IST
Backup completed on Sunday 19 July 2026 06:00:21 PM IST
Backup completed on Monday 20 July 2026 11:00:30 AM IST
Backup completed on Monday 20 July 2026 06:00:45 PM IST
Backup completed on Tuesday 21 July 2026 11:01:19 AM IST
Backup completed on Tuesday 21 July 2026 06:00:51 PM IST
Backup completed on Wednesday 22 July 2026 11:01:21 AM IST
Backup completed on Wednesday 22 July 2026 06:00:48 PM IST
Backup completed on Thursday 23 July 2026 11:01:19 AM IST
Backup completed on Thursday 23 July 2026 06:01:10 PM IST
Backup completed on Friday 24 July 2026 11:00:29 AM IST
Backup completed on Friday 24 July 2026 06:02:02 PM IST
Backup completed on Saturday 25 July 2026 11:01:12 AM IST
Backup completed on Sunday 26 July 2026 11:00:15 AM IST
Backup completed on Sunday 26 July 2026 06:00:23 PM IST
Backup completed on Monday 27 July 2026 11:00:20 AM IST
Backup completed on Monday 27 July 2026 06:00:19 PM IST
Backup completed on Tuesday 28 July 2026 11:00:27 AM IST
Backup completed on Tuesday 28 July 2026 06:00:13 PM IST
Backup completed on Wednesday 29 July 2026 11:00:20 AM IST
Backup completed on Wednesday 29 July 2026 06:01:15 PM IST
Backup completed on Thursday 30 July 2026 11:00:22 AM IST
Backup completed on Thursday 30 July 2026 06:00:22 PM IST
Backup completed on Friday 31 July 2026 11:00:28 AM IST
Backup completed on Friday 31 July 2026 06:00:29 PM IST
Backup completed on Saturday 01 August 2026 11:00:29 AM IST
Backup completed on Saturday 01 August 2026 06:00:30 PM IST
Backup completed on Sunday 02 August 2026 11:00:50 AM IST
Backup completed on Monday 03 August 2026 11:06:59 AM IST
Backup completed on Monday 03 August 2026 06:00:22 PM IST
Backup completed on Tuesday 04 August 2026 11:00:33 AM IST
Backup completed on Tuesday 04 August 2026 06:00:15 PM IST
Backup completed on Wednesday 05 August 2026 11:00:14 AM IST
Backup completed on Wednesday 05 August 2026 06:00:18 PM IST
Backup completed on Thursday 06 August 2026 11:00:35 AM IST
Backup completed on Friday 07 August 2026 11:00:40 AM IST
Backup completed on Friday 07 August 2026 06:00:38 PM IST
Backup completed on Saturday 08 August 2026 11:00:16 AM IST
Backup completed on Saturday 08 August 2026 06:01:32 PM IST
Backup completed on Sunday 09 August 2026 11:00:26 AM IST
Backup completed on Monday 10 August 2026 11:01:24 AM IST
Backup completed on Monday 10 August 2026 06:00:58 PM IST
Backup completed on Tuesday 11 August 2026 11:01:08 AM IST
Backup completed on Tuesday 11 August 2026 06:00:21 PM IST
Backup completed on Wednesday 12 August 2026 11:00:23 AM IST
Backup completed on Wednesday 12 August 2026 06:00:10 PM IST
Backup completed on Thursday 13 August 2026 11:00:23 AM IST
Backup completed on Thursday 13 August 2026 06:00:30 PM IST
Backup completed on Friday 14 August 2026 11:00:11 AM IST
Backup completed on Friday 14 August 2026 06:00:25 PM IST
Backup completed on Saturday 15 August 2026 11:00:20 AM IST
Backup completed on Saturday 15 August 2026 06:00:25 PM IST
Backup completed on Monday 17 August 2026 11:00:31 AM IST
Backup completed on Monday 17 August 2026 06:00:26 PM IST
Backup completed on Tuesday 18 August 2026 11:00:22 AM IST
Backup completed on Tuesday 18 August 2026 06:00:26 PM IST
Backup completed on Wednesday 19 August 2026 11:00:29 AM IST
Backup completed on Wednesday 19 August 2026 06:00:24 PM IST
Backup completed on Thursday 20 August 2026 11:00:11 AM IST
Backup completed on Thursday 20 August 2026 06:00:23 PM IST
Backup completed on Friday 21 August 2026 11:00:12 AM IST
Backup completed on Friday 21 August 2026 06:00:18 PM IST
Backup completed on Saturday 22 August 2026 11:00:52 AM IST
Backup completed on Saturday 22 August 2026 06:00:10 PM IST
Backup completed on Sunday 23 August 2026 06:01:12 PM IST
Backup completed on Monday 24 August 2026 11:00:14 AM IST
Backup completed on Monday 24 August 2026 06:00:40 PM IST
Backup completed on Tuesday 25 August 2026 11:00:31 AM IST
Backup completed on Tuesday 25 August 2026 06:00:13 PM IST
Backup completed on Wednesday 26 August 2026 11:00:25 AM IST
Backup completed on Wednesday 26 August 2026 06:00:14 PM IST
Backup completed on Thursday 27 August 2026 11:00:47 AM IST
Backup completed on Thursday 27 August 2026 06:00:18 PM IST
Backup completed on Saturday 29 August 2026 11:00:14 AM IST
Backup completed on Sunday 30 August 2026 11:01:12 AM IST
Backup completed on Monday 31 August 2026 11:00:17 AM IST
Backup completed on Tuesday 01 September 2026 11:00:32 AM IST
Backup completed on Tuesday 01 September 2026 06:00:17 PM IST
Backup completed on Wednesday 02 September 2026 11:05:59 AM IST
Backup completed on Wednesday 02 September 2026 06:00:48 PM IST
Backup completed on Thursday 03 September 2026 11:00:43 AM IST
